[2026-03-29T06:59:15.077Z] 
=== 开始抓取新闻 (2026-03-29) ===
[2026-03-29T06:59:15.079Z] 📡 获取 IT之家...
[2026-03-29T06:59:15.087Z] 📡 获取 爱范儿...
[2026-03-29T06:59:15.088Z] 📡 获取 少数派...
[2026-03-29T06:59:16.359Z]   ✅ 爱范儿: 20条 (AI相关: 9)
[2026-03-29T06:59:20.156Z]   ✅ IT之家: 40条 (AI相关: 9)
[2026-03-29T06:59:27.165Z]   ✅ 少数派: 10条 (AI相关: 0)
[2026-03-29T06:59:27.166Z] 
=== 统计 ===
[2026-03-29T06:59:27.166Z] AI相关新闻: 9条
[2026-03-29T06:59:27.166Z]   IT之家: 9条
[2026-03-29T06:59:27.166Z] 
💾 已保存: /home/fs/.openclaw/workspace/openclaw-news-template/news/news-2026-03-29.json
[2026-03-29T07:28:42.634Z] 
=== 开始抓取新闻 (2026-03-29) ===
[2026-03-29T07:28:42.635Z] 📡 获取 IT之家...
[2026-03-29T07:28:42.645Z] 📡 获取 爱范儿...
[2026-03-29T07:28:42.645Z] 📡 获取 少数派...
[2026-03-29T07:28:43.509Z]   ✅ 爱范儿: 20条 (AI相关: 9)
[2026-03-29T07:28:47.607Z]   ✅ IT之家: 40条 (AI相关: 9)
[2026-03-29T07:28:50.894Z]   ✅ 少数派: 10条 (AI相关: 0)
[2026-03-29T07:28:50.899Z] 
=== 统计 ===
[2026-03-29T07:28:50.899Z] AI相关新闻: 9条
[2026-03-29T07:28:50.899Z]   IT之家: 9条
[2026-03-29T07:28:50.899Z] 
💾 已保存: /home/fs/.openclaw/workspace/openclaw-news-template/news/news-2026-03-29.json
[2026-03-29T07:30:04.188Z] 
=== 开始抓取新闻 (2026-03-29) ===
[2026-03-29T07:30:04.190Z] 📡 获取 36氪...
[2026-03-29T07:30:04.199Z] 📡 获取 量子位...
[2026-03-29T07:30:04.200Z] 📡 获取 机器之心...
[2026-03-29T07:30:04.201Z] 📡 获取 IT之家...
[2026-03-29T07:30:04.201Z] 📡 获取 InfoQ...
[2026-03-29T07:30:04.202Z] 📡 获取 雷锋网...
[2026-03-29T07:30:04.203Z] 📡 获取 少数派...
[2026-03-29T07:30:04.203Z] 📡 获取 爱范儿...
[2026-03-29T07:30:05.019Z]   ❌ InfoQ 失败: Status code 403
[2026-03-29T07:30:05.635Z]   ✅ 爱范儿: 20条 (AI相关: 9)
[2026-03-29T07:30:06.132Z]   ✅ 量子位: 10条 (AI相关: 7)
[2026-03-29T07:30:06.519Z]   ✅ 36氪: 30条 (AI相关: 11)
[2026-03-29T07:30:07.871Z]   ❌ 机器之心 失败: Status code 500
[2026-03-29T07:30:07.962Z]   ✅ IT之家: 40条 (AI相关: 9)
[2026-03-29T07:30:09.816Z]   ✅ 雷锋网: 20条 (AI相关: 14)
[2026-03-29T07:30:19.204Z]   ❌ 少数派 失败: Request timed out after 15000ms
[2026-03-29T07:30:19.204Z] 
=== 统计 ===
[2026-03-29T07:30:19.204Z] AI相关新闻: 19条
[2026-03-29T07:30:19.204Z]   IT之家: 9条
[2026-03-29T07:30:19.204Z]   36氪: 7条
[2026-03-29T07:30:19.204Z]   量子位: 3条
[2026-03-29T07:30:19.204Z] 
💾 已保存: /home/fs/.openclaw/workspace/openclaw-news-template/news/news-2026-03-29.json
